2026-04-17 22:44:47 WARN  - Credenciales inválidas para email: juan.pablo.lopez.gomez2005@gmail.com
2026-04-17 22:44:47 WARN  - Credenciales inválidas para: juan.pablo.lopez.gomez2005@gmail.com
2026-04-17 22:44:51 INFO  - Login exitoso para usuario: juan.pablo.lopez.gomez2005@gmail.com
2026-04-17 22:44:51 INFO  - Login exitoso para: juan.pablo.lopez.gomez2005@gmail.com
2026-04-17 22:44:51 INFO  - dispositivo: Escritorio
2026-04-17 22:44:51 INFO  - direccionIp: 0:0:0:0:0:0:0:1
2026-04-18 17:55:20 INFO  - Login con Google exitoso para: juan.pablo.lopez.gomez2005@gmail.com
2026-04-18 17:55:20 INFO  - Login con Google exitoso para: juan.pablo.lopez.gomez2005@gmail.com
2026-04-18 17:55:54 INFO  - Editando usuario ID: 4
2026-04-18 17:55:54 INFO  - Usuario ID: 4 actualizado correctamente
2026-04-18 17:56:07 INFO  - Login con Google exitoso para: juan.pablo.lopez.gomez2005@gmail.com
2026-04-18 17:56:07 INFO  - Login con Google exitoso para: juan.pablo.lopez.gomez2005@gmail.com
2026-04-18 17:56:17 INFO  - Login exitoso para: juan.pablo.lopez.gomez2005@gmail.com
2026-04-18 17:56:17 INFO  - dispositivo: Escritorio
2026-04-18 17:56:17 INFO  - direccionIp: 0:0:0:0:0:0:0:1
2026-04-18 17:56:38 INFO  - 2FA verificado exitosamente para usuario: juan.pablo.lopez.gomez2005@gmail.com
2026-04-18 17:56:38 INFO  - 2FA verificado exitosamente
2026-04-18 18:03:22 INFO  - Login exitoso para usuario: elkinlol13@gmail.com
2026-04-18 18:03:22 INFO  - Login exitoso para: elkinlol13@gmail.com
2026-04-18 18:03:22 INFO  - dispositivo: Escritorio
2026-04-18 18:03:22 INFO  - direccionIp: 0:0:0:0:0:0:0:1
2026-04-18 18:07:02 WARN  - Credenciales inválidas para email: juan.pablo.lopez.gomez2005@gmail.com
2026-04-18 18:07:02 WARN  - Credenciales inválidas para: juan.pablo.lopez.gomez2005@gmail.com
2026-04-18 18:07:08 INFO  - Login exitoso para: juan.pablo.lopez.gomez2005@gmail.com
2026-04-18 18:07:08 INFO  - dispositivo: Escritorio
2026-04-18 18:07:08 INFO  - direccionIp: 0:0:0:0:0:0:0:1
2026-04-18 18:07:40 INFO  - 2FA verificado exitosamente para usuario: juan.pablo.lopez.gomez2005@gmail.com
2026-04-18 18:07:40 INFO  - 2FA verificado exitosamente
2026-04-18 18:07:57 INFO  - Editando usuario ID: 4
2026-04-18 18:07:57 INFO  - Usuario ID: 4 actualizado correctamente
2026-04-18 18:07:59 INFO  - Editando usuario ID: 4
2026-04-18 18:07:59 INFO  - Usuario ID: 4 actualizado correctamente
2026-04-18 18:13:33 INFO  - Login exitoso para usuario: juan.pablo.lopez.gomez2005@gmail.com
2026-04-18 18:13:33 INFO  - Login exitoso para: juan.pablo.lopez.gomez2005@gmail.com
2026-04-18 18:13:33 INFO  - dispositivo: Escritorio
2026-04-18 18:13:33 INFO  - direccionIp: 0:0:0:0:0:0:0:1
2026-04-18 18:37:42 INFO  - Login exitoso para usuario: juan.pablo.lopez.gomez2005@gmail.com
2026-04-18 18:37:42 INFO  - Login exitoso para: juan.pablo.lopez.gomez2005@gmail.com
2026-04-18 18:37:42 INFO  - dispositivo: Escritorio
2026-04-18 18:37:42 INFO  - direccionIp: 0:0:0:0:0:0:0:1
2026-04-18 19:31:41 INFO  - Login exitoso para usuario: juan.pablo.lopez.gomez2005@gmail.com
2026-04-18 19:31:41 INFO  - Login exitoso para: juan.pablo.lopez.gomez2005@gmail.com
2026-04-18 19:31:41 INFO  - dispositivo: Escritorio
2026-04-18 19:31:41 INFO  - direccionIp: 0:0:0:0:0:0:0:1
2026-04-18 19:45:11 INFO  - Login exitoso para usuario: juan.pablo.lopez.gomez2005@gmail.com
2026-04-18 19:45:11 INFO  - Login exitoso para: juan.pablo.lopez.gomez2005@gmail.com
2026-04-18 19:45:11 INFO  - dispositivo: Escritorio
2026-04-18 19:45:11 INFO  - direccionIp: 0:0:0:0:0:0:0:1
2026-04-18 19:49:19 INFO  - Login exitoso para usuario: juan.pablo.lopez.gomez2005@gmail.com
2026-04-18 19:49:19 INFO  - Login exitoso para: juan.pablo.lopez.gomez2005@gmail.com
2026-04-18 19:49:19 INFO  - dispositivo: Escritorio
2026-04-18 19:49:19 INFO  - direccionIp: 0:0:0:0:0:0:0:1
2026-04-18 20:03:00 INFO  - Login exitoso para usuario: juan.pablo.lopez.gomez2005@gmail.com
2026-04-18 20:03:00 INFO  - Login exitoso para: juan.pablo.lopez.gomez2005@gmail.com
2026-04-18 20:03:00 INFO  - dispositivo: Escritorio
2026-04-18 20:03:00 INFO  - direccionIp: 0:0:0:0:0:0:0:1
2026-04-18 20:09:04 INFO  - Login exitoso para usuario: juan.pablo.lopez.gomez2005@gmail.com
2026-04-18 20:09:04 INFO  - Login exitoso para: juan.pablo.lopez.gomez2005@gmail.com
2026-04-18 20:09:04 INFO  - dispositivo: Escritorio
2026-04-18 20:09:04 INFO  - direccionIp: 0:0:0:0:0:0:0:1
2026-04-18 21:02:31 INFO  - Login exitoso para usuario: juan.pablo.lopez.gomez2005@gmail.com
2026-04-18 21:02:31 INFO  - Login exitoso para: juan.pablo.lopez.gomez2005@gmail.com
2026-04-18 21:02:31 INFO  - dispositivo: Escritorio
2026-04-18 21:02:31 INFO  - direccionIp: 0:0:0:0:0:0:0:1
2026-04-18 21:28:53 WARN  - Credenciales inválidas para email: juan.pablo.lopez.gomez2005@gmail.com
2026-04-18 21:28:53 WARN  - Credenciales inválidas para: juan.pablo.lopez.gomez2005@gmail.com
2026-04-18 21:28:56 INFO  - Login exitoso para usuario: juan.pablo.lopez.gomez2005@gmail.com
2026-04-18 21:28:56 INFO  - Login exitoso para: juan.pablo.lopez.gomez2005@gmail.com
2026-04-18 21:28:56 INFO  - dispositivo: Escritorio
2026-04-18 21:28:56 INFO  - direccionIp: 0:0:0:0:0:0:0:1
2026-04-19 13:04:14 WARN  - ID Token de Google inválido
2026-04-19 13:04:14 WARN  - Token de Google inválido o usuario inactivo: Token de Google inválido
2026-04-19 13:04:33 WARN  - ID Token de Google inválido
2026-04-19 13:04:33 WARN  - Token de Google inválido o usuario inactivo: Token de Google inválido
2026-04-19 13:05:03 WARN  - ID Token de Google inválido
2026-04-19 13:05:03 WARN  - Token de Google inválido o usuario inactivo: Token de Google inválido
2026-04-19 13:05:26 WARN  - ID Token de Google inválido
2026-04-19 13:05:26 WARN  - Token de Google inválido o usuario inactivo: Token de Google inválido
2026-04-19 13:07:21 INFO  - Login exitoso para usuario: elkinlol13@gmail.com
2026-04-19 13:07:21 INFO  - Login exitoso para: elkinlol13@gmail.com
2026-04-19 13:07:21 INFO  - dispositivo: Escritorio
2026-04-19 13:07:21 INFO  - direccionIp: 0:0:0:0:0:0:0:1
2026-04-19 13:09:35 INFO  - Login exitoso para: pablo.lopez.g2005@gmail.com
2026-04-19 13:09:35 INFO  - dispositivo: Escritorio
2026-04-19 13:09:35 INFO  - direccionIp: 0:0:0:0:0:0:0:1
2026-04-19 13:09:59 INFO  - 2FA verificado exitosamente para usuario: pablo.lopez.g2005@gmail.com
2026-04-19 13:09:59 INFO  - 2FA verificado exitosamente
2026-04-19 13:21:22 INFO  - Login exitoso para usuario: elkinlol13@gmail.com
2026-04-19 13:21:22 INFO  - Login exitoso para: elkinlol13@gmail.com
2026-04-19 13:21:22 INFO  - dispositivo: Escritorio
2026-04-19 13:21:22 INFO  - direccionIp: 0:0:0:0:0:0:0:1
2026-04-19 13:22:31 INFO  - Login exitoso para usuario: elkinlol13@gmail.com
2026-04-19 13:22:31 INFO  - Login exitoso para: elkinlol13@gmail.com
2026-04-19 13:22:31 INFO  - dispositivo: Escritorio
2026-04-19 13:22:31 INFO  - direccionIp: 0:0:0:0:0:0:0:1
2026-04-19 13:22:43 INFO  - Desactivando usuario ID: 13
2026-04-19 13:22:43 INFO  - Usuario ID: 13 desactivado
2026-04-21 23:20:57 INFO  - Login con Google exitoso para: juanp.lopezg@uqvirtual.edu.co
2026-04-21 23:20:57 INFO  - Login con Google exitoso para: juanp.lopezg@uqvirtual.edu.co
2026-04-21 23:21:19 INFO  - Login con Google exitoso para: juan.pablo.lopez.gomez2005@gmail.com
2026-04-21 23:21:19 INFO  - Login con Google exitoso para: juan.pablo.lopez.gomez2005@gmail.com
2026-04-21 23:21:53 INFO  - Login exitoso para usuario: elkinlol13@gmail.com
2026-04-21 23:21:53 INFO  - Login exitoso para: elkinlol13@gmail.com
2026-04-21 23:21:53 INFO  - dispositivo: Escritorio
2026-04-21 23:21:53 INFO  - direccionIp: 0:0:0:0:0:0:0:1
